// Jest Snapshot v1, https://goo.gl/fbAQLP

exports[`Modal render 1`] = `
<div
  className={[MockFunction]}
>
  <div
    style={
      Object {
        "background": "#fff",
        "left": "50%",
        "padding": "25px",
        "position": "absolute",
        "top": "50%",
        "transform": "translate(-50%, -50%)",
        "zIndex": "9999",
      }
    }
  />
  <div
    className={[MockFunction]}
    onClick={[Function]}
    style={
      Object {
        "background": "rgba(0, 0, 0, 0.3)",
        "height": "100%",
        "left": "0px",
        "position": "absolute",
        "top": "0px",
        "width": "100%",
        "zIndex": "9998",
      }
    }
  />
</div>
`;
